Input Name                               | Matched Key          | Result
--------------------------------------------------------------------------------
Algarve International Circuit            | Portimao             | PASS
Circuit de la Sarthe                     | Circuit de La Sarthe - Le Mans | PASS
Le Mans                                  | Circuit de La Sarthe - Le Mans | PASS
Monza                                    | Monza                | PASS
Autodromo Nazionale Monza                | Monza                | PASS
Spa                                      | Spa-Francorchamps    | PASS
Circuit of the Americas                  | COTA                 | PASS
Austin                                   | COTA                 | PASS
Le Castellet                             | Circuit Paul Ricard  | PASS
Sakhir                                   | Bahrain              | PASS
Portimao                                 | Portimao             | PASS
Algarve                                  | Portimao             | PASS
